Archive member included because of file (symbol)

c:/users/dell g3/desktop/amit/apps/sdk_win_64/sdk_win_64/winavr/bin/../lib/gcc/avr/4.3.3/avr5\libgcc.a(_mulsi3.o)
                              ./MCAL/Timer/Timer_Prog.o (__mulsi3)
c:/users/dell g3/desktop/amit/apps/sdk_win_64/sdk_win_64/winavr/bin/../lib/gcc/avr/4.3.3/avr5\libgcc.a(_udivmodqi4.o)
                              ./MCAL/DIO/DIO_Prog.o (__udivmodqi4)
c:/users/dell g3/desktop/amit/apps/sdk_win_64/sdk_win_64/winavr/bin/../lib/gcc/avr/4.3.3/avr5\libgcc.a(_udivmodsi4.o)
                              ./MCAL/UART/UART_Prog.o (__udivmodsi4)
c:/users/dell g3/desktop/amit/apps/sdk_win_64/sdk_win_64/winavr/bin/../lib/gcc/avr/4.3.3/avr5\libgcc.a(_divmodsi4.o)
                              ./MCAL/Timer/Timer_Prog.o (__divmodsi4)
c:/users/dell g3/desktop/amit/apps/sdk_win_64/sdk_win_64/winavr/bin/../lib/gcc/avr/4.3.3/avr5\libgcc.a(_exit.o)
                              c:/users/dell g3/desktop/amit/apps/sdk_win_64/sdk_win_64/winavr/bin/../lib/gcc/avr/4.3.3/../../../../avr/lib/avr5/crtm32.o (exit)
c:/users/dell g3/desktop/amit/apps/sdk_win_64/sdk_win_64/winavr/bin/../lib/gcc/avr/4.3.3/avr5\libgcc.a(_copy_data.o)
                              ./HAL/KeyPad/KeyPad_Prog.o (__do_copy_data)
c:/users/dell g3/desktop/amit/apps/sdk_win_64/sdk_win_64/winavr/bin/../lib/gcc/avr/4.3.3/avr5\libgcc.a(_clear_bss.o)
                              ./MCAL/Timer/Timer_Prog.o (__do_clear_bss)
c:/users/dell g3/desktop/amit/apps/sdk_win_64/sdk_win_64/winavr/bin/../lib/gcc/avr/4.3.3/avr5\libgcc.a(_fixunssfsi.o)
                              ./MCAL/Timer/Timer_Prog.o (__fixunssfsi)
c:/users/dell g3/desktop/amit/apps/sdk_win_64/sdk_win_64/winavr/bin/../lib/gcc/avr/4.3.3/avr5\libgcc.a(_addsub_sf.o)
                              ./MCAL/Timer/Timer_Prog.o (__subsf3)
c:/users/dell g3/desktop/amit/apps/sdk_win_64/sdk_win_64/winavr/bin/../lib/gcc/avr/4.3.3/avr5\libgcc.a(_mul_sf.o)
                              ./MCAL/Timer/Timer_Prog.o (__mulsf3)
c:/users/dell g3/desktop/amit/apps/sdk_win_64/sdk_win_64/winavr/bin/../lib/gcc/avr/4.3.3/avr5\libgcc.a(_div_sf.o)
                              ./MCAL/Timer/Timer_Prog.o (__divsf3)
c:/users/dell g3/desktop/amit/apps/sdk_win_64/sdk_win_64/winavr/bin/../lib/gcc/avr/4.3.3/avr5\libgcc.a(_eq_sf.o)
                              ./MCAL/Timer/Timer_Prog.o (__eqsf2)
c:/users/dell g3/desktop/amit/apps/sdk_win_64/sdk_win_64/winavr/bin/../lib/gcc/avr/4.3.3/avr5\libgcc.a(_ge_sf.o)
                              c:/users/dell g3/desktop/amit/apps/sdk_win_64/sdk_win_64/winavr/bin/../lib/gcc/avr/4.3.3/avr5\libgcc.a(_fixunssfsi.o) (__gesf2)
c:/users/dell g3/desktop/amit/apps/sdk_win_64/sdk_win_64/winavr/bin/../lib/gcc/avr/4.3.3/avr5\libgcc.a(_si_to_sf.o)
                              ./HAL/Servo/Servo_Prog.o (__floatsisf)
c:/users/dell g3/desktop/amit/apps/sdk_win_64/sdk_win_64/winavr/bin/../lib/gcc/avr/4.3.3/avr5\libgcc.a(_sf_to_si.o)
                              c:/users/dell g3/desktop/amit/apps/sdk_win_64/sdk_win_64/winavr/bin/../lib/gcc/avr/4.3.3/avr5\libgcc.a(_fixunssfsi.o) (__fixsfsi)
c:/users/dell g3/desktop/amit/apps/sdk_win_64/sdk_win_64/winavr/bin/../lib/gcc/avr/4.3.3/avr5\libgcc.a(_thenan_sf.o)
                              c:/users/dell g3/desktop/amit/apps/sdk_win_64/sdk_win_64/winavr/bin/../lib/gcc/avr/4.3.3/avr5\libgcc.a(_addsub_sf.o) (__thenan_sf)
c:/users/dell g3/desktop/amit/apps/sdk_win_64/sdk_win_64/winavr/bin/../lib/gcc/avr/4.3.3/avr5\libgcc.a(_usi_to_sf.o)
                              ./MCAL/Timer/Timer_Prog.o (__floatunsisf)
c:/users/dell g3/desktop/amit/apps/sdk_win_64/sdk_win_64/winavr/bin/../lib/gcc/avr/4.3.3/avr5\libgcc.a(_prologue.o)
                              c:/users/dell g3/desktop/amit/apps/sdk_win_64/sdk_win_64/winavr/bin/../lib/gcc/avr/4.3.3/avr5\libgcc.a(_addsub_sf.o) (__prologue_saves__)
c:/users/dell g3/desktop/amit/apps/sdk_win_64/sdk_win_64/winavr/bin/../lib/gcc/avr/4.3.3/avr5\libgcc.a(_epilogue.o)
                              c:/users/dell g3/desktop/amit/apps/sdk_win_64/sdk_win_64/winavr/bin/../lib/gcc/avr/4.3.3/avr5\libgcc.a(_addsub_sf.o) (__epilogue_restores__)
c:/users/dell g3/desktop/amit/apps/sdk_win_64/sdk_win_64/winavr/bin/../lib/gcc/avr/4.3.3/avr5\libgcc.a(_clzsi2.o)
                              c:/users/dell g3/desktop/amit/apps/sdk_win_64/sdk_win_64/winavr/bin/../lib/gcc/avr/4.3.3/avr5\libgcc.a(_si_to_sf.o) (__clzsi2)
c:/users/dell g3/desktop/amit/apps/sdk_win_64/sdk_win_64/winavr/bin/../lib/gcc/avr/4.3.3/avr5\libgcc.a(_pack_sf.o)
                              c:/users/dell g3/desktop/amit/apps/sdk_win_64/sdk_win_64/winavr/bin/../lib/gcc/avr/4.3.3/avr5\libgcc.a(_addsub_sf.o) (__pack_f)
c:/users/dell g3/desktop/amit/apps/sdk_win_64/sdk_win_64/winavr/bin/../lib/gcc/avr/4.3.3/avr5\libgcc.a(_unpack_sf.o)
                              c:/users/dell g3/desktop/amit/apps/sdk_win_64/sdk_win_64/winavr/bin/../lib/gcc/avr/4.3.3/avr5\libgcc.a(_addsub_sf.o) (__unpack_f)
c:/users/dell g3/desktop/amit/apps/sdk_win_64/sdk_win_64/winavr/bin/../lib/gcc/avr/4.3.3/avr5\libgcc.a(_fpcmp_parts_sf.o)
                              c:/users/dell g3/desktop/amit/apps/sdk_win_64/sdk_win_64/winavr/bin/../lib/gcc/avr/4.3.3/avr5\libgcc.a(_eq_sf.o) (__fpcmp_parts_f)
c:/users/dell g3/desktop/amit/apps/sdk_win_64/sdk_win_64/winavr/bin/../lib/gcc/avr/4.3.3/avr5\libgcc.a(_clz.o)
                              c:/users/dell g3/desktop/amit/apps/sdk_win_64/sdk_win_64/winavr/bin/../lib/gcc/avr/4.3.3/avr5\libgcc.a(_clzsi2.o) (__clz_tab)

Allocating common symbols
Common symbol       size              file

Timer2_CallBack     0x2               ./MCAL/Timer/Timer_Prog.o
Timer1_CallBack     0x2               ./MCAL/Timer/Timer_Prog.o
Timer0_CallBack     0x2               ./MCAL/Timer/Timer_Prog.o
EXT_INT_CallBack    0x2               ./MCAL/EXT_INT/EXT_INT_Prog.o

Memory Configuration

Name             Origin             Length             Attributes
text             0x00000000         0x00020000         xr
data             0x00800060         0x0000ffa0         rw !x
eeprom           0x00810000         0x00010000         rw !x
fuse             0x00820000         0x00000400         rw !x
lock             0x00830000         0x00000400         rw !x
signature        0x00840000         0x00000400         rw !x
*default*        0x00000000         0xffffffff

Linker script and memory map

LOAD c:/users/dell g3/desktop/amit/apps/sdk_win_64/sdk_win_64/winavr/bin/../lib/gcc/avr/4.3.3/../../../../avr/lib/avr5/crtm32.o
LOAD ./MCAL/WDT/WDT_Prog.o
LOAD ./MCAL/UART/UART_Prog.o
LOAD ./MCAL/Timer/Timer_Prog.o
LOAD ./MCAL/SPI/SPI_Prog.o
LOAD ./MCAL/I2C/I2C_Prog.o
LOAD ./MCAL/GIE/GIE_Prog.o
LOAD ./MCAL/EXT_INT/EXT_INT_Prog.o
LOAD ./MCAL/DIO/DIO_Prog.o
LOAD ./MCAL/ADC/ADC_Prog.o
LOAD ./HAL/Stepper/Stepper_Prog.o
LOAD ./HAL/Servo/Servo_Prog.o
LOAD ./HAL/SSD/SSD_Prog.o
LOAD ./HAL/PB/PB_Prog.o
LOAD ./HAL/LM35/LM35_Prog.o
LOAD ./HAL/LED/LED_Prog.o
LOAD ./HAL/LCD/LCD_Prog.o
LOAD ./HAL/KeyPad/KeyPad_Prog.o
LOAD ./HAL/HC_05/HC_05_Prog.o
LOAD ./HAL/Flex_Sensor/Flex_Sensor_Prog.o
LOAD ./HAL/DCMotor/DCMotor_Prog.o
LOAD ./HAL/Buzzer/Buzzer_Prog.o
LOAD ./HAL/AT24C16A/AT24C16A_Prog.o
LOAD ./APP/Projects/Projects.o
LOAD ./APP/main.o
LOAD c:/users/dell g3/desktop/amit/apps/sdk_win_64/sdk_win_64/winavr/bin/../lib/gcc/avr/4.3.3/avr5\libgcc.a
LOAD c:/users/dell g3/desktop/amit/apps/sdk_win_64/sdk_win_64/winavr/bin/../lib/gcc/avr/4.3.3/../../../../avr/lib/avr5\libc.a
LOAD c:/users/dell g3/desktop/amit/apps/sdk_win_64/sdk_win_64/winavr/bin/../lib/gcc/avr/4.3.3/avr5\libgcc.a

.hash
 *(.hash)

.dynsym
 *(.dynsym)

.dynstr
 *(.dynstr)

.gnu.version
 *(.gnu.version)

.gnu.version_d
 *(.gnu.version_d)

.gnu.version_r
 *(.gnu.version_r)

.rel.init
 *(.rel.init)

.rela.init
 *(.rela.init)

.rel.text
 *(.rel.text)
 *(.rel.text.*)
 *(.rel.gnu.linkonce.t*)

.rela.text
 *(.rela.text)
 *(.rela.text.*)
 *(.rela.gnu.linkonce.t*)

.rel.fini
 *(.rel.fini)

.rela.fini
 *(.rela.fini)

.rel.rodata
 *(.rel.rodata)
 *(.rel.rodata.*)
 *(.rel.gnu.linkonce.r*)

.rela.rodata
 *(.rela.rodata)
 *(.rela.rodata.*)
 *(.rela.gnu.linkonce.r*)

.rel.data
 *(.rel.data)
 *(.rel.data.*)
 *(.rel.gnu.linkonce.d*)

.rela.data
 *(.rela.data)
 *(.rela.data.*)
 *(.rela.gnu.linkonce.d*)

.rel.ctors
 *(.rel.ctors)

.rela.ctors
 *(.rela.ctors)

.rel.dtors
 *(.rel.dtors)

.rela.dtors
 *(.rela.dtors)

.rel.got
 *(.rel.got)

.rela.got
 *(.rela.got)

.rel.bss
 *(.rel.bss)

.rela.bss
 *(.rela.bss)

.rel.plt
 *(.rel.plt)

.rela.plt
 *(.rela.plt)

.text           0x00000000     0x287c
 *(.vectors)
 .vectors       0x00000000       0x54 c:/users/dell g3/desktop/amit/apps/sdk_win_64/sdk_win_64/winavr/bin/../lib/gcc/avr/4.3.3/../../../../avr/lib/avr5/crtm32.o
                0x00000000                __vectors
                0x00000000                __vector_default
 *(.vectors)
 *(.progmem.gcc*)
 *(.progmem*)
                0x00000054                . = ALIGN (0x2)
                0x00000054                __trampolines_start = .
 *(.trampolines)
 .trampolines   0x00000054        0x0 linker stubs
 *(.trampolines*)
                0x00000054                __trampolines_end = .
 *(.jumptables)
 *(.jumptables*)
 *(.lowtext)
 *(.lowtext*)
                0x00000054                __ctors_start = .
 *(.ctors)
                0x00000054                __ctors_end = .
                0x00000054                __dtors_start = .
 *(.dtors)
                0x00000054                __dtors_end = .
 SORT(*)(.ctors)
 SORT(*)(.dtors)
 *(.init0)
 .init0         0x00000054        0x0 c:/users/dell g3/desktop/amit/apps/sdk_win_64/sdk_win_64/winavr/bin/../lib/gcc/avr/4.3.3/../../../../avr/lib/avr5/crtm32.o
                0x00000054                __init
 *(.init0)
 *(.init1)
 *(.init1)
 *(.init2)
 .init2         0x00000054        0xc c:/users/dell g3/desktop/amit/apps/sdk_win_64/sdk_win_64/winavr/bin/../lib/gcc/avr/4.3.3/../../../../avr/lib/avr5/crtm32.o
 *(.init2)
 *(.init3)
 *(.init3)
 *(.init4)
 .init4         0x00000060       0x16 c:/users/dell g3/desktop/amit/apps/sdk_win_64/sdk_win_64/winavr/bin/../lib/gcc/avr/4.3.3/avr5\libgcc.a(_copy_data.o)
                0x00000060                __do_copy_data
 .init4         0x00000076       0x10 c:/users/dell g3/desktop/amit/apps/sdk_win_64/sdk_win_64/winavr/bin/../lib/gcc/avr/4.3.3/avr5\libgcc.a(_clear_bss.o)
                0x00000076                __do_clear_bss
 *(.init4)
 *(.init5)
 *(.init5)
 *(.init6)
 *(.init6)
 *(.init7)
 *(.init7)
 *(.init8)
 *(.init8)
 *(.init9)
 .init9         0x00000086        0x8 c:/users/dell g3/desktop/amit/apps/sdk_win_64/sdk_win_64/winavr/bin/../lib/gcc/avr/4.3.3/../../../../avr/lib/avr5/crtm32.o
 *(.init9)
 *(.text)
 .text          0x0000008e        0x4 c:/users/dell g3/desktop/amit/apps/sdk_win_64/sdk_win_64/winavr/bin/../lib/gcc/avr/4.3.3/../../../../avr/lib/avr5/crtm32.o
                0x0000008e                __vector_12
                0x0000008e                __bad_interrupt
                0x0000008e                __vector_6
                0x0000008e                __vector_13
                0x0000008e                __vector_17
                0x0000008e                __vector_19
                0x0000008e                __vector_7
                0x0000008e                __vector_5
                0x0000008e                __vector_4
                0x0000008e                __vector_9
                0x0000008e                __vector_15
                0x0000008e                __vector_8
                0x0000008e                __vector_14
                0x0000008e                __vector_10
                0x0000008e                __vector_16
                0x0000008e                __vector_18
                0x0000008e                __vector_20
 .text          0x00000092        0x0 ./MCAL/WDT/WDT_Prog.o
 .text          0x00000092        0x0 ./MCAL/UART/UART_Prog.o
 .text          0x00000092        0x0 ./MCAL/Timer/Timer_Prog.o
 .text          0x00000092        0x0 ./MCAL/SPI/SPI_Prog.o
 .text          0x00000092        0x0 ./MCAL/I2C/I2C_Prog.o
 .text          0x00000092        0x0 ./MCAL/GIE/GIE_Prog.o
 .text          0x00000092        0x0 ./MCAL/EXT_INT/EXT_INT_Prog.o
 .text          0x00000092        0x0 ./MCAL/DIO/DIO_Prog.o
 .text          0x00000092        0x0 ./MCAL/ADC/ADC_Prog.o
 .text          0x00000092        0x0 ./HAL/Stepper/Stepper_Prog.o
 .text          0x00000092        0x0 ./HAL/Servo/Servo_Prog.o
 .text          0x00000092        0x0 ./HAL/SSD/SSD_Prog.o
 .text          0x00000092        0x0 ./HAL/PB/PB_Prog.o
 .text          0x00000092        0x0 ./HAL/LM35/LM35_Prog.o
 .text          0x00000092        0x0 ./HAL/LED/LED_Prog.o
 .text          0x00000092        0x0 ./HAL/LCD/LCD_Prog.o
 .text          0x00000092        0x0 ./HAL/KeyPad/KeyPad_Prog.o
 .text          0x00000092        0x0 ./HAL/HC_05/HC_05_Prog.o
 .text          0x00000092        0x0 ./HAL/Flex_Sensor/Flex_Sensor_Prog.o
 .text          0x00000092        0x0 ./HAL/DCMotor/DCMotor_Prog.o
 .text          0x00000092        0x0 ./HAL/Buzzer/Buzzer_Prog.o
 .text          0x00000092        0x0 ./HAL/AT24C16A/AT24C16A_Prog.o
 .text          0x00000092        0x0 ./APP/Projects/Projects.o
 .text          0x00000092        0x0 ./APP/main.o
 .text          0x00000092        0x0 c:/users/dell g3/desktop/amit/apps/sdk_win_64/sdk_win_64/winavr/bin/../lib/gcc/avr/4.3.3/avr5\libgcc.a(_mulsi3.o)
 .text          0x00000092        0x0 c:/users/dell g3/desktop/amit/apps/sdk_win_64/sdk_win_64/winavr/bin/../lib/gcc/avr/4.3.3/avr5\libgcc.a(_udivmodqi4.o)
 .text          0x00000092        0x0 c:/users/dell g3/desktop/amit/apps/sdk_win_64/sdk_win_64/winavr/bin/../lib/gcc/avr/4.3.3/avr5\libgcc.a(_udivmodsi4.o)
 .text          0x00000092        0x0 c:/users/dell g3/desktop/amit/apps/sdk_win_64/sdk_win_64/winavr/bin/../lib/gcc/avr/4.3.3/avr5\libgcc.a(_divmodsi4.o)
 .text          0x00000092        0x0 c:/users/dell g3/desktop/amit/apps/sdk_win_64/sdk_win_64/winavr/bin/../lib/gcc/avr/4.3.3/avr5\libgcc.a(_exit.o)
 .text          0x00000092        0x0 c:/users/dell g3/desktop/amit/apps/sdk_win_64/sdk_win_64/winavr/bin/../lib/gcc/avr/4.3.3/avr5\libgcc.a(_copy_data.o)
 .text          0x00000092        0x0 c:/users/dell g3/desktop/amit/apps/sdk_win_64/sdk_win_64/winavr/bin/../lib/gcc/avr/4.3.3/avr5\libgcc.a(_clear_bss.o)
 .text          0x00000092       0x58 c:/users/dell g3/desktop/amit/apps/sdk_win_64/sdk_win_64/winavr/bin/../lib/gcc/avr/4.3.3/avr5\libgcc.a(_fixunssfsi.o)
                0x00000092                __fixunssfsi
 .text          0x000000ea      0x354 c:/users/dell g3/desktop/amit/apps/sdk_win_64/sdk_win_64/winavr/bin/../lib/gcc/avr/4.3.3/avr5\libgcc.a(_addsub_sf.o)
                0x00000382                __subsf3
                0x000003e4                __addsf3
 .text          0x0000043e      0x1f4 c:/users/dell g3/desktop/amit/apps/sdk_win_64/sdk_win_64/winavr/bin/../lib/gcc/avr/4.3.3/avr5\libgcc.a(_mul_sf.o)
                0x0000043e                __mulsf3
 .text          0x00000632      0x158 c:/users/dell g3/desktop/amit/apps/sdk_win_64/sdk_win_64/winavr/bin/../lib/gcc/avr/4.3.3/avr5\libgcc.a(_div_sf.o)
                0x00000632                __divsf3
 .text          0x0000078a       0x60 c:/users/dell g3/desktop/amit/apps/sdk_win_64/sdk_win_64/winavr/bin/../lib/gcc/avr/4.3.3/avr5\libgcc.a(_eq_sf.o)
                0x0000078a                __eqsf2
 .text          0x000007ea       0x60 c:/users/dell g3/desktop/amit/apps/sdk_win_64/sdk_win_64/winavr/bin/../lib/gcc/avr/4.3.3/avr5\libgcc.a(_ge_sf.o)
                0x000007ea                __gesf2
 .text          0x0000084a       0xbc c:/users/dell g3/desktop/amit/apps/sdk_win_64/sdk_win_64/winavr/bin/../lib/gcc/avr/4.3.3/avr5\libgcc.a(_si_to_sf.o)
                0x0000084a                __floatsisf
 .text          0x00000906       0xa8 c:/users/dell g3/desktop/amit/apps/sdk_win_64/sdk_win_64/winavr/bin/../lib/gcc/avr/4.3.3/avr5\libgcc.a(_sf_to_si.o)
                0x00000906                __fixsfsi
 .text          0x000009ae        0x0 c:/users/dell g3/desktop/amit/apps/sdk_win_64/sdk_win_64/winavr/bin/../lib/gcc/avr/4.3.3/avr5\libgcc.a(_thenan_sf.o)
 .text          0x000009ae       0xf2 c:/users/dell g3/desktop/amit/apps/sdk_win_64/sdk_win_64/winavr/bin/../lib/gcc/avr/4.3.3/avr5\libgcc.a(_usi_to_sf.o)
                0x000009ae                __floatunsisf
 .text          0x00000aa0        0x0 c:/users/dell g3/desktop/amit/apps/sdk_win_64/sdk_win_64/winavr/bin/../lib/gcc/avr/4.3.3/avr5\libgcc.a(_prologue.o)
 .text          0x00000aa0        0x0 c:/users/dell g3/desktop/amit/apps/sdk_win_64/sdk_win_64/winavr/bin/../lib/gcc/avr/4.3.3/avr5\libgcc.a(_epilogue.o)
 .text          0x00000aa0       0x9e c:/users/dell g3/desktop/amit/apps/sdk_win_64/sdk_win_64/winavr/bin/../lib/gcc/avr/4.3.3/avr5\libgcc.a(_clzsi2.o)
                0x00000aa0                __clzsi2
 .text          0x00000b3e      0x1aa c:/users/dell g3/desktop/amit/apps/sdk_win_64/sdk_win_64/winavr/bin/../lib/gcc/avr/4.3.3/avr5\libgcc.a(_pack_sf.o)
                0x00000b3e                __pack_f
 .text          0x00000ce8       0xf0 c:/users/dell g3/desktop/amit/apps/sdk_win_64/sdk_win_64/winavr/bin/../lib/gcc/avr/4.3.3/avr5\libgcc.a(_unpack_sf.o)
                0x00000ce8                __unpack_f
 .text          0x00000dd8       0xb2 c:/users/dell g3/desktop/amit/apps/sdk_win_64/sdk_win_64/winavr/bin/../lib/gcc/avr/4.3.3/avr5\libgcc.a(_fpcmp_parts_sf.o)
                0x00000dd8                __fpcmp_parts_f
 .text          0x00000e8a        0x0 c:/users/dell g3/desktop/amit/apps/sdk_win_64/sdk_win_64/winavr/bin/../lib/gcc/avr/4.3.3/avr5\libgcc.a(_clz.o)
                0x00000e8a                . = ALIGN (0x2)
 *(.text.*)
 .text.M_WDT_Void_WDTInit
                0x00000e8a       0x1e ./MCAL/WDT/WDT_Prog.o
                0x00000e8a                M_WDT_Void_WDTInit
 .text.M_WDT_Void_WDTRefresh
                0x00000ea8        0x4 ./MCAL/WDT/WDT_Prog.o
                0x00000ea8                M_WDT_Void_WDTRefresh
 .text.M_UART_Void_UARTSetBaudRate
                0x00000eac       0x36 ./MCAL/UART/UART_Prog.o
                0x00000eac                M_UART_Void_UARTSetBaudRate
 .text.M_UART_Void_UARTSend
                0x00000ee2       0x2e ./MCAL/UART/UART_Prog.o
                0x00000ee2                M_UART_Void_UARTSend
 .text.M_UART_Void_UARTRec
                0x00000f10       0x2e ./MCAL/UART/UART_Prog.o
                0x00000f10                M_UART_Void_UARTRec
 .text.M_UART_Void_UARTInit
                0x00000f3e       0x2c ./MCAL/UART/UART_Prog.o
                0x00000f3e                M_UART_Void_UARTInit
 .text.M_Timer_Void_TimerInit
                0x00000f6a       0x20 ./MCAL/Timer/Timer_Prog.o
                0x00000f6a                M_Timer_Void_TimerInit
 .text.M_Timer_Void_TimerSetTime
                0x00000f8a       0x62 ./MCAL/Timer/Timer_Prog.o
                0x00000f8a                M_Timer_Void_TimerSetTime
 .text.M_Timer_Void_TimerStart
                0x00000fec       0x3a ./MCAL/Timer/Timer_Prog.o
                0x00000fec                M_Timer_Void_TimerStart
 .text.M_Timer_Void_TimerStop
                0x00001026       0x3a ./MCAL/Timer/Timer_Prog.o
                0x00001026                M_Timer_Void_TimerStop
 .text.M_Timer_Void_PWMSetDutyCycle
                0x00001060       0x9e ./MCAL/Timer/Timer_Prog.o
                0x00001060                M_Timer_Void_PWMSetDutyCycle
 .text.M_Timer_Void_PWMSetFreaquancy
                0x000010fe       0x1a ./MCAL/Timer/Timer_Prog.o
                0x000010fe                M_Timer_Void_PWMSetFreaquancy
 .text.M_Timer_Void_PWMStart
                0x00001118        0x6 ./MCAL/Timer/Timer_Prog.o
                0x00001118                M_Timer_Void_PWMStart
 .text.M_Timer_Void_PWMStop
                0x0000111e        0x6 ./MCAL/Timer/Timer_Prog.o
                0x0000111e                M_Timer_Void_PWMStop
 .text.M_Timer_Void_SetCallBack
                0x00001124       0x2c ./MCAL/Timer/Timer_Prog.o
                0x00001124                M_Timer_Void_SetCallBack
 .text.__vector_11
                0x00001150       0xa6 ./MCAL/Timer/Timer_Prog.o
                0x00001150                __vector_11
 .text.M_Timer_Void_PWMInit
                0x000011f6       0x66 ./MCAL/Timer/Timer_Prog.o
                0x000011f6                M_Timer_Void_PWMInit
 .text.M_SPI_U8_SPITransive
                0x0000125c       0x30 ./MCAL/SPI/SPI_Prog.o
                0x0000125c                M_SPI_U8_SPITransive
 .text.M_SPI_Void_SPIInit
                0x0000128c       0x44 ./MCAL/SPI/SPI_Prog.o
                0x0000128c                M_SPI_Void_SPIInit
 .text.M_I2C_Void_I2CInit
                0x000012d0       0x10 ./MCAL/I2C/I2C_Prog.o
                0x000012d0                M_I2C_Void_I2CInit
 .text.M_I2C_Void_I2CStartCondition
                0x000012e0       0x24 ./MCAL/I2C/I2C_Prog.o
                0x000012e0                M_I2C_Void_I2CStartCondition
 .text.M_I2C_Void_I2CStopCondition
                0x00001304       0x12 ./MCAL/I2C/I2C_Prog.o
                0x00001304                M_I2C_Void_I2CStopCondition
 .text.M_I2C_Void_I2CRepeatedStart
                0x00001316       0x24 ./MCAL/I2C/I2C_Prog.o
                0x00001316                M_I2C_Void_I2CRepeatedStart
 .text.M_I2C_Void_I2CSendSlaveAddressWrite
                0x0000133a       0x22 ./MCAL/I2C/I2C_Prog.o
                0x0000133a                M_I2C_Void_I2CSendSlaveAddressWrite
 .text.M_I2C_Void_I2CSendSlaveAddressRead
                0x0000135c       0x2a ./MCAL/I2C/I2C_Prog.o
                0x0000135c                M_I2C_Void_I2CSendSlaveAddressRead
 .text.M_I2C_Void_I2CSendByte
                0x00001386       0x26 ./MCAL/I2C/I2C_Prog.o
                0x00001386                M_I2C_Void_I2CSendByte
 .text.M_I2C_Void_I2CReadByte
                0x000013ac       0x2c ./MCAL/I2C/I2C_Prog.o
                0x000013ac                M_I2C_Void_I2CReadByte
 .text.M_GIE_Void_GlobalInterruptEnable
                0x000013d8        0xc ./MCAL/GIE/GIE_Prog.o
                0x000013d8                M_GIE_Void_GlobalInterruptEnable
 .text.M_GIE_Void_GlobalInterruptDisable
                0x000013e4        0xc ./MCAL/GIE/GIE_Prog.o
                0x000013e4                M_GIE_Void_GlobalInterruptDisable
 .text.M_EXT_INT_Void_ExtIntInit
                0x000013f0       0x5c ./MCAL/EXT_INT/EXT_INT_Prog.o
                0x000013f0                M_EXT_INT_Void_ExtIntInit
 .text.M_EXT_INT_Void_SetCallBack
                0x0000144c        0xa ./MCAL/EXT_INT/EXT_INT_Prog.o
                0x0000144c                M_EXT_INT_Void_SetCallBack
 .text.__vector_1
                0x00001456       0x4e ./MCAL/EXT_INT/EXT_INT_Prog.o
                0x00001456                __vector_1
 .text.__vector_2
                0x000014a4       0x14 ./MCAL/EXT_INT/EXT_INT_Prog.o
                0x000014a4                __vector_2
 .text.__vector_3
                0x000014b8       0x14 ./MCAL/EXT_INT/EXT_INT_Prog.o
                0x000014b8                __vector_3
 .text.M_DIO_Void_SetPinDirection
                0x000014cc      0x12a ./MCAL/DIO/DIO_Prog.o
                0x000014cc                M_DIO_Void_SetPinDirection
 .text.M_DIO_Void_SetPinValue
                0x000015f6      0x12a ./MCAL/DIO/DIO_Prog.o
                0x000015f6                M_DIO_Void_SetPinValue
 .text.M_DIO_Void_TogPin
                0x00001720       0x90 ./MCAL/DIO/DIO_Prog.o
                0x00001720                M_DIO_Void_TogPin
 .text.M_DIO_U8_GetPinValue
                0x000017b0       0x72 ./MCAL/DIO/DIO_Prog.o
                0x000017b0                M_DIO_U8_GetPinValue
 .text.M_DIO_Void_SetPinPullUpRes
                0x00001822      0x12a ./MCAL/DIO/DIO_Prog.o
                0x00001822                M_DIO_Void_SetPinPullUpRes
 .text.M_ADC_Void_ADCInit
                0x0000194c       0x3a ./MCAL/ADC/ADC_Prog.o
                0x0000194c                M_ADC_Void_ADCInit
 .text.M_ADC_U16_ADCRead
                0x00001986       0xdc ./MCAL/ADC/ADC_Prog.o
                0x00001986                M_ADC_U16_ADCRead
 .text.H_Stepper_Void_StepperStart
                0x00001a62       0xc0 ./HAL/Stepper/Stepper_Prog.o
                0x00001a62                H_Stepper_Void_StepperStart
 .text.H_Stepper_Void_StepperInit
                0x00001b22       0x22 ./HAL/Stepper/Stepper_Prog.o
                0x00001b22                H_Stepper_Void_StepperInit
 .text.H_Servo_Void_ServoSetStop
                0x00001b44        0x8 ./HAL/Servo/Servo_Prog.o
                0x00001b44                H_Servo_Void_ServoSetStop
 .text.H_Servo_Void_ServoSetStart
                0x00001b4c        0x8 ./HAL/Servo/Servo_Prog.o
                0x00001b4c                H_Servo_Void_ServoSetStart
 .text.H_Servo_Void_ServoSetAngle
                0x00001b54       0x40 ./HAL/Servo/Servo_Prog.o
                0x00001b54                H_Servo_Void_ServoSetAngle
 .text.H_Servo_Void_ServoInit
                0x00001b94        0xe ./HAL/Servo/Servo_Prog.o
                0x00001b94                H_Servo_Void_ServoInit
 .text.H_SSD_Void_SSDDigitDisplay
                0x00001ba2      0x198 ./HAL/SSD/SSD_Prog.o
 .text.H_SSD_Void_SSDWriteNumber
                0x00001d3a       0x76 ./HAL/SSD/SSD_Prog.o
                0x00001d3a                H_SSD_Void_SSDWriteNumber
 .text.H_SSD_Void_SSDInit
                0x00001db0       0x32 ./HAL/SSD/SSD_Prog.o
                0x00001db0                H_SSD_Void_SSDInit
 .text.H_PB_U8_PBRead
                0x00001de2       0xb8 ./HAL/PB/PB_Prog.o
                0x00001de2                H_PB_U8_PBRead
 .text.H_PB_Void_PBInit
                0x00001e9a       0x2c ./HAL/PB/PB_Prog.o
                0x00001e9a                H_PB_Void_PBInit
 .text.H_LM35_Void_LM35Read
                0x00001ec6       0x2c ./HAL/LM35/LM35_Prog.o
                0x00001ec6                H_LM35_Void_LM35Read
 .text.H_LM35_Void_LM35Init
                0x00001ef2        0x6 ./HAL/LM35/LM35_Prog.o
                0x00001ef2                H_LM35_Void_LM35Init
 .text.H_LED_Void_LedTog
                0x00001ef8       0x26 ./HAL/LED/LED_Prog.o
                0x00001ef8                H_LED_Void_LedTog
 .text.H_LED_Void_LedSetOff
                0x00001f1e       0x2c ./HAL/LED/LED_Prog.o
                0x00001f1e                H_LED_Void_LedSetOff
 .text.H_LED_Void_LedSetOn
                0x00001f4a       0x2c ./HAL/LED/LED_Prog.o
                0x00001f4a                H_LED_Void_LedSetOn
 .text.H_LED_Void_LedInit
                0x00001f76       0x2c ./HAL/LED/LED_Prog.o
                0x00001f76                H_LED_Void_LedInit
 .text.H_LCD_Void_SetLCDPins
                0x00001fa2       0x3c ./HAL/LCD/LCD_Prog.o
 .text.H_LCD_Void_LCDWriteCommand
                0x00001fde       0x64 ./HAL/LCD/LCD_Prog.o
                0x00001fde                H_LCD_Void_LCDWriteCommand
 .text.H_LCD_Void_LCDClear
                0x00002042        0x8 ./HAL/LCD/LCD_Prog.o
                0x00002042                H_LCD_Void_LCDClear
 .text.H_LCD_Void_LCDGoTo
                0x0000204a       0x2a ./HAL/LCD/LCD_Prog.o
                0x0000204a                H_LCD_Void_LCDGoTo
 .text.H_LCD_Void_LCDWriteCharacter
                0x00002074       0x64 ./HAL/LCD/LCD_Prog.o
                0x00002074                H_LCD_Void_LCDWriteCharacter
 .text.H_LCD_Void_LCDWriteNumber
                0x000020d8       0xe0 ./HAL/LCD/LCD_Prog.o
                0x000020d8                H_LCD_Void_LCDWriteNumber
 .text.H_LCD_Void_LCDWriteString
                0x000021b8       0x2a ./HAL/LCD/LCD_Prog.o
                0x000021b8                H_LCD_Void_LCDWriteString
 .text.H_LCD_Void_LCDInit
                0x000021e2       0x66 ./HAL/LCD/LCD_Prog.o
                0x000021e2                H_LCD_Void_LCDInit
 .text.H_KeyPad_U8_KeyPadRead
                0x00002248      0x104 ./HAL/KeyPad/KeyPad_Prog.o
                0x00002248                H_KeyPad_U8_KeyPadRead
 .text.H_KeyPad_Void_KeyPadInit
                0x0000234c       0x82 ./HAL/KeyPad/KeyPad_Prog.o
                0x0000234c                H_KeyPad_Void_KeyPadInit
 .text.H_HC_05_Void_HC_05_Rec
                0x000023ce        0x6 ./HAL/HC_05/HC_05_Prog.o
                0x000023ce                H_HC_05_Void_HC_05_Rec
 .text.H_HC_05_Void_HC_05_Send
                0x000023d4        0x6 ./HAL/HC_05/HC_05_Prog.o
                0x000023d4                H_HC_05_Void_HC_05_Send
 .text.H_HC_05_Void_HC_05_Init
                0x000023da       0x12 ./HAL/HC_05/HC_05_Prog.o
                0x000023da                H_HC_05_Void_HC_05_Init
 .text.H_Flex_Sensor_U8_SenosorRead
                0x000023ec       0x46 ./HAL/Flex_Sensor/Flex_Sensor_Prog.o
                0x000023ec                H_Flex_Sensor_U8_SenosorRead
 .text.H_Flex_Sensor_Void_SenosorInit
                0x00002432        0x6 ./HAL/Flex_Sensor/Flex_Sensor_Prog.o
                0x00002432                H_Flex_Sensor_Void_SenosorInit
 .text.H_DCMotor_Void_DCMotorStop
                0x00002438        0x8 ./HAL/DCMotor/DCMotor_Prog.o
                0x00002438                H_DCMotor_Void_DCMotorStop
 .text.H_DCMotor_Void_DCMotorStart
                0x00002440        0x8 ./HAL/DCMotor/DCMotor_Prog.o
                0x00002440                H_DCMotor_Void_DCMotorStart
 .text.H_DCMotor_Void_DCMotorSetDirection
                0x00002448       0x2e ./HAL/DCMotor/DCMotor_Prog.o
                0x00002448                H_DCMotor_Void_DCMotorSetDirection
 .text.H_DCMotor_Void_DCMotorSetSpeed
                0x00002476       0x10 ./HAL/DCMotor/DCMotor_Prog.o
                0x00002476                H_DCMotor_Void_DCMotorSetSpeed
 .text.H_DCMotor_Void_DCMotorInit
                0x00002486       0x1e ./HAL/DCMotor/DCMotor_Prog.o
                0x00002486                H_DCMotor_Void_DCMotorInit
 .text.H_Buzzer_Void_BuzzerOnce
                0x000024a4       0x26 ./HAL/Buzzer/Buzzer_Prog.o
                0x000024a4                H_Buzzer_Void_BuzzerOnce
 .text.H_Buzzer_Void_BuzzerSetOff
                0x000024ca        0xa ./HAL/Buzzer/Buzzer_Prog.o
                0x000024ca                H_Buzzer_Void_BuzzerSetOff
 .text.H_Buzzer_Void_BuzzerSetOn
                0x000024d4        0xa ./HAL/Buzzer/Buzzer_Prog.o
                0x000024d4                H_Buzzer_Void_BuzzerSetOn
 .text.H_Buzzer_Void_BuzzerInit
                0x000024de        0xa ./HAL/Buzzer/Buzzer_Prog.o
                0x000024de                H_Buzzer_Void_BuzzerInit
 .text.H_AT24C16A_Void_EEPROMRead
                0x000024e8       0x36 ./HAL/AT24C16A/AT24C16A_Prog.o
                0x000024e8                H_AT24C16A_Void_EEPROMRead
 .text.H_AT24C16A_Void_EEPROMWrite
                0x0000251e       0x30 ./HAL/AT24C16A/AT24C16A_Prog.o
                0x0000251e                H_AT24C16A_Void_EEPROMWrite
 .text.H_AT24C16A_Void_EEPROMInit
                0x0000254e       0x1a ./HAL/AT24C16A/AT24C16A_Prog.o
                0x0000254e                H_AT24C16A_Void_EEPROMInit
 .text.A_EEPROM_Project
                0x00002568       0x6a ./APP/Projects/Projects.o
                0x00002568                A_EEPROM_Project
 .text.A_HC05Project
                0x000025d2       0x1c ./APP/Projects/Projects.o
                0x000025d2                A_HC05Project
 .text.A_SSDProject
                0x000025ee       0x38 ./APP/Projects/Projects.o
                0x000025ee                A_SSDProject
 .text.main     0x00002626      0x114 ./APP/main.o
                0x00002626                main
 .text.libgcc   0x0000273a       0x3e c:/users/dell g3/desktop/amit/apps/sdk_win_64/sdk_win_64/winavr/bin/../lib/gcc/avr/4.3.3/avr5\libgcc.a(_mulsi3.o)
                0x0000273a                __mulsi3
 .text.libgcc   0x00002778       0x18 c:/users/dell g3/desktop/amit/apps/sdk_win_64/sdk_win_64/winavr/bin/../lib/gcc/avr/4.3.3/avr5\libgcc.a(_udivmodqi4.o)
                0x00002778                __udivmodqi4
 .text.libgcc   0x00002790       0x44 c:/users/dell g3/desktop/amit/apps/sdk_win_64/sdk_win_64/winavr/bin/../lib/gcc/avr/4.3.3/avr5\libgcc.a(_udivmodsi4.o)
                0x00002790                __udivmodsi4
 .text.libgcc   0x000027d4       0x36 c:/users/dell g3/desktop/amit/apps/sdk_win_64/sdk_win_64/winavr/bin/../lib/gcc/avr/4.3.3/avr5\libgcc.a(_divmodsi4.o)
                0x000027d4                __divmodsi4
 .text.libgcc   0x0000280a        0x0 c:/users/dell g3/desktop/amit/apps/sdk_win_64/sdk_win_64/winavr/bin/../lib/gcc/avr/4.3.3/avr5\libgcc.a(_exit.o)
 .text.libgcc   0x0000280a        0x0 c:/users/dell g3/desktop/amit/apps/sdk_win_64/sdk_win_64/winavr/bin/../lib/gcc/avr/4.3.3/avr5\libgcc.a(_copy_data.o)
 .text.libgcc   0x0000280a        0x0 c:/users/dell g3/desktop/amit/apps/sdk_win_64/sdk_win_64/winavr/bin/../lib/gcc/avr/4.3.3/avr5\libgcc.a(_clear_bss.o)
 .text.libgcc   0x0000280a       0x38 c:/users/dell g3/desktop/amit/apps/sdk_win_64/sdk_win_64/winavr/bin/../lib/gcc/avr/4.3.3/avr5\libgcc.a(_prologue.o)
                0x0000280a                __prologue_saves__
 .text.libgcc   0x00002842       0x36 c:/users/dell g3/desktop/amit/apps/sdk_win_64/sdk_win_64/winavr/bin/../lib/gcc/avr/4.3.3/avr5\libgcc.a(_epilogue.o)
                0x00002842                __epilogue_restores__
                0x00002878                . = ALIGN (0x2)
 *(.fini9)
 .fini9         0x00002878        0x0 c:/users/dell g3/desktop/amit/apps/sdk_win_64/sdk_win_64/winavr/bin/../lib/gcc/avr/4.3.3/avr5\libgcc.a(_exit.o)
                0x00002878                exit
                0x00002878                _exit
 *(.fini9)
 *(.fini8)
 *(.fini8)
 *(.fini7)
 *(.fini7)
 *(.fini6)
 *(.fini6)
 *(.fini5)
 *(.fini5)
 *(.fini4)
 *(.fini4)
 *(.fini3)
 *(.fini3)
 *(.fini2)
 *(.fini2)
 *(.fini1)
 *(.fini1)
 *(.fini0)
 .fini0         0x00002878        0x4 c:/users/dell g3/desktop/amit/apps/sdk_win_64/sdk_win_64/winavr/bin/../lib/gcc/avr/4.3.3/avr5\libgcc.a(_exit.o)
 *(.fini0)
                0x0000287c                _etext = .

.data           0x00800060      0x118 load address 0x0000287c
                0x00800060                PROVIDE (__data_start, .)
 *(.data)
 .data          0x00800060        0x0 c:/users/dell g3/desktop/amit/apps/sdk_win_64/sdk_win_64/winavr/bin/../lib/gcc/avr/4.3.3/../../../../avr/lib/avr5/crtm32.o
 .data          0x00800060        0x0 ./MCAL/WDT/WDT_Prog.o
 .data          0x00800060        0x0 ./MCAL/UART/UART_Prog.o
 .data          0x00800060        0x0 ./MCAL/Timer/Timer_Prog.o
 .data          0x00800060        0x0 ./MCAL/SPI/SPI_Prog.o
 .data          0x00800060        0x0 ./MCAL/I2C/I2C_Prog.o
 .data          0x00800060        0x0 ./MCAL/GIE/GIE_Prog.o
 .data          0x00800060        0x0 ./MCAL/EXT_INT/EXT_INT_Prog.o
 .data          0x00800060        0x0 ./MCAL/DIO/DIO_Prog.o
 .data          0x00800060        0x0 ./MCAL/ADC/ADC_Prog.o
 .data          0x00800060        0x0 ./HAL/Stepper/Stepper_Prog.o
 .data          0x00800060        0x0 ./HAL/Servo/Servo_Prog.o
 .data          0x00800060        0x0 ./HAL/SSD/SSD_Prog.o
 .data          0x00800060        0x0 ./HAL/PB/PB_Prog.o
 .data          0x00800060        0x0 ./HAL/LM35/LM35_Prog.o
 .data          0x00800060        0x0 ./HAL/LED/LED_Prog.o
 .data          0x00800060        0x0 ./HAL/LCD/LCD_Prog.o
 .data          0x00800060        0x0 ./HAL/KeyPad/KeyPad_Prog.o
 .data          0x00800060        0x0 ./HAL/HC_05/HC_05_Prog.o
 .data          0x00800060        0x0 ./HAL/Flex_Sensor/Flex_Sensor_Prog.o
 .data          0x00800060        0x0 ./HAL/DCMotor/DCMotor_Prog.o
 .data          0x00800060        0x0 ./HAL/Buzzer/Buzzer_Prog.o
 .data          0x00800060        0x0 ./HAL/AT24C16A/AT24C16A_Prog.o
 .data          0x00800060        0x0 ./APP/Projects/Projects.o
 .data          0x00800060        0x0 ./APP/main.o
 .data          0x00800060        0x0 c:/users/dell g3/desktop/amit/apps/sdk_win_64/sdk_win_64/winavr/bin/../lib/gcc/avr/4.3.3/avr5\libgcc.a(_mulsi3.o)
 .data          0x00800060        0x0 c:/users/dell g3/desktop/amit/apps/sdk_win_64/sdk_win_64/winavr/bin/../lib/gcc/avr/4.3.3/avr5\libgcc.a(_udivmodqi4.o)
 .data          0x00800060        0x0 c:/users/dell g3/desktop/amit/apps/sdk_win_64/sdk_win_64/winavr/bin/../lib/gcc/avr/4.3.3/avr5\libgcc.a(_udivmodsi4.o)
 .data          0x00800060        0x0 c:/users/dell g3/desktop/amit/apps/sdk_win_64/sdk_win_64/winavr/bin/../lib/gcc/avr/4.3.3/avr5\libgcc.a(_divmodsi4.o)
 .data          0x00800060        0x0 c:/users/dell g3/desktop/amit/apps/sdk_win_64/sdk_win_64/winavr/bin/../lib/gcc/avr/4.3.3/avr5\libgcc.a(_exit.o)
 .data          0x00800060        0x0 c:/users/dell g3/desktop/amit/apps/sdk_win_64/sdk_win_64/winavr/bin/../lib/gcc/avr/4.3.3/avr5\libgcc.a(_copy_data.o)
 .data          0x00800060        0x0 c:/users/dell g3/desktop/amit/apps/sdk_win_64/sdk_win_64/winavr/bin/../lib/gcc/avr/4.3.3/avr5\libgcc.a(_clear_bss.o)
 .data          0x00800060        0x0 c:/users/dell g3/desktop/amit/apps/sdk_win_64/sdk_win_64/winavr/bin/../lib/gcc/avr/4.3.3/avr5\libgcc.a(_fixunssfsi.o)
 .data          0x00800060        0x0 c:/users/dell g3/desktop/amit/apps/sdk_win_64/sdk_win_64/winavr/bin/../lib/gcc/avr/4.3.3/avr5\libgcc.a(_addsub_sf.o)
 .data          0x00800060        0x0 c:/users/dell g3/desktop/amit/apps/sdk_win_64/sdk_win_64/winavr/bin/../lib/gcc/avr/4.3.3/avr5\libgcc.a(_mul_sf.o)
 .data          0x00800060        0x0 c:/users/dell g3/desktop/amit/apps/sdk_win_64/sdk_win_64/winavr/bin/../lib/gcc/avr/4.3.3/avr5\libgcc.a(_div_sf.o)
 .data          0x00800060        0x0 c:/users/dell g3/desktop/amit/apps/sdk_win_64/sdk_win_64/winavr/bin/../lib/gcc/avr/4.3.3/avr5\libgcc.a(_eq_sf.o)
 .data          0x00800060        0x0 c:/users/dell g3/desktop/amit/apps/sdk_win_64/sdk_win_64/winavr/bin/../lib/gcc/avr/4.3.3/avr5\libgcc.a(_ge_sf.o)
 .data          0x00800060        0x0 c:/users/dell g3/desktop/amit/apps/sdk_win_64/sdk_win_64/winavr/bin/../lib/gcc/avr/4.3.3/avr5\libgcc.a(_si_to_sf.o)
 .data          0x00800060        0x0 c:/users/dell g3/desktop/amit/apps/sdk_win_64/sdk_win_64/winavr/bin/../lib/gcc/avr/4.3.3/avr5\libgcc.a(_sf_to_si.o)
 .data          0x00800060        0x8 c:/users/dell g3/desktop/amit/apps/sdk_win_64/sdk_win_64/winavr/bin/../lib/gcc/avr/4.3.3/avr5\libgcc.a(_thenan_sf.o)
                0x00800060                __thenan_sf
 .data          0x00800068        0x0 c:/users/dell g3/desktop/amit/apps/sdk_win_64/sdk_win_64/winavr/bin/../lib/gcc/avr/4.3.3/avr5\libgcc.a(_usi_to_sf.o)
 .data          0x00800068        0x0 c:/users/dell g3/desktop/amit/apps/sdk_win_64/sdk_win_64/winavr/bin/../lib/gcc/avr/4.3.3/avr5\libgcc.a(_prologue.o)
 .data          0x00800068        0x0 c:/users/dell g3/desktop/amit/apps/sdk_win_64/sdk_win_64/winavr/bin/../lib/gcc/avr/4.3.3/avr5\libgcc.a(_epilogue.o)
 .data          0x00800068        0x0 c:/users/dell g3/desktop/amit/apps/sdk_win_64/sdk_win_64/winavr/bin/../lib/gcc/avr/4.3.3/avr5\libgcc.a(_clzsi2.o)
 .data          0x00800068        0x0 c:/users/dell g3/desktop/amit/apps/sdk_win_64/sdk_win_64/winavr/bin/../lib/gcc/avr/4.3.3/avr5\libgcc.a(_pack_sf.o)
 .data          0x00800068        0x0 c:/users/dell g3/desktop/amit/apps/sdk_win_64/sdk_win_64/winavr/bin/../lib/gcc/avr/4.3.3/avr5\libgcc.a(_unpack_sf.o)
 .data          0x00800068        0x0 c:/users/dell g3/desktop/amit/apps/sdk_win_64/sdk_win_64/winavr/bin/../lib/gcc/avr/4.3.3/avr5\libgcc.a(_fpcmp_parts_sf.o)
 .data          0x00800068      0x100 c:/users/dell g3/desktop/amit/apps/sdk_win_64/sdk_win_64/winavr/bin/../lib/gcc/avr/4.3.3/avr5\libgcc.a(_clz.o)
                0x00800068                __clz_tab
 *(.data*)
 *(.rodata)
 *(.rodata*)
 .rodata.C.0.1281
                0x00800168       0x10 ./HAL/KeyPad/KeyPad_Prog.o
 *(.gnu.linkonce.d*)
                0x00800178                . = ALIGN (0x2)
                0x00800178                _edata = .
                0x00800178                PROVIDE (__data_end, .)

.bss            0x00800178       0x15
                0x00800178                PROVIDE (__bss_start, .)
 *(.bss)
 .bss           0x00800178        0x0 c:/users/dell g3/desktop/amit/apps/sdk_win_64/sdk_win_64/winavr/bin/../lib/gcc/avr/4.3.3/../../../../avr/lib/avr5/crtm32.o
 .bss           0x00800178        0x0 ./MCAL/WDT/WDT_Prog.o
 .bss           0x00800178        0x0 ./MCAL/UART/UART_Prog.o
 .bss           0x00800178        0x0 ./MCAL/Timer/Timer_Prog.o
 .bss           0x00800178        0x0 ./MCAL/SPI/SPI_Prog.o
 .bss           0x00800178        0x0 ./MCAL/I2C/I2C_Prog.o
 .bss           0x00800178        0x0 ./MCAL/GIE/GIE_Prog.o
 .bss           0x00800178        0x0 ./MCAL/EXT_INT/EXT_INT_Prog.o
 .bss           0x00800178        0x0 ./MCAL/DIO/DIO_Prog.o
 .bss           0x00800178        0x0 ./MCAL/ADC/ADC_Prog.o
 .bss           0x00800178        0x0 ./HAL/Stepper/Stepper_Prog.o
 .bss           0x00800178        0x0 ./HAL/Servo/Servo_Prog.o
 .bss           0x00800178        0x0 ./HAL/SSD/SSD_Prog.o
 .bss           0x00800178        0x0 ./HAL/PB/PB_Prog.o
 .bss           0x00800178        0x0 ./HAL/LM35/LM35_Prog.o
 .bss           0x00800178        0x0 ./HAL/LED/LED_Prog.o
 .bss           0x00800178        0x0 ./HAL/LCD/LCD_Prog.o
 .bss           0x00800178        0x0 ./HAL/KeyPad/KeyPad_Prog.o
 .bss           0x00800178        0x0 ./HAL/HC_05/HC_05_Prog.o
 .bss           0x00800178        0x0 ./HAL/Flex_Sensor/Flex_Sensor_Prog.o
 .bss           0x00800178        0x0 ./HAL/DCMotor/DCMotor_Prog.o
 .bss           0x00800178        0x0 ./HAL/Buzzer/Buzzer_Prog.o
 .bss           0x00800178        0x0 ./HAL/AT24C16A/AT24C16A_Prog.o
 .bss           0x00800178        0x0 ./APP/Projects/Projects.o
 .bss           0x00800178        0x0 ./APP/main.o
 .bss           0x00800178        0x0 c:/users/dell g3/desktop/amit/apps/sdk_win_64/sdk_win_64/winavr/bin/../lib/gcc/avr/4.3.3/avr5\libgcc.a(_mulsi3.o)
 .bss           0x00800178        0x0 c:/users/dell g3/desktop/amit/apps/sdk_win_64/sdk_win_64/winavr/bin/../lib/gcc/avr/4.3.3/avr5\libgcc.a(_udivmodqi4.o)
 .bss           0x00800178        0x0 c:/users/dell g3/desktop/amit/apps/sdk_win_64/sdk_win_64/winavr/bin/../lib/gcc/avr/4.3.3/avr5\libgcc.a(_udivmodsi4.o)
 .bss           0x00800178        0x0 c:/users/dell g3/desktop/amit/apps/sdk_win_64/sdk_win_64/winavr/bin/../lib/gcc/avr/4.3.3/avr5\libgcc.a(_divmodsi4.o)
 .bss           0x00800178        0x0 c:/users/dell g3/desktop/amit/apps/sdk_win_64/sdk_win_64/winavr/bin/../lib/gcc/avr/4.3.3/avr5\libgcc.a(_exit.o)
 .bss           0x00800178        0x0 c:/users/dell g3/desktop/amit/apps/sdk_win_64/sdk_win_64/winavr/bin/../lib/gcc/avr/4.3.3/avr5\libgcc.a(_copy_data.o)
 .bss           0x00800178        0x0 c:/users/dell g3/desktop/amit/apps/sdk_win_64/sdk_win_64/winavr/bin/../lib/gcc/avr/4.3.3/avr5\libgcc.a(_clear_bss.o)
 .bss           0x00800178        0x0 c:/users/dell g3/desktop/amit/apps/sdk_win_64/sdk_win_64/winavr/bin/../lib/gcc/avr/4.3.3/avr5\libgcc.a(_fixunssfsi.o)
 .bss           0x00800178        0x0 c:/users/dell g3/desktop/amit/apps/sdk_win_64/sdk_win_64/winavr/bin/../lib/gcc/avr/4.3.3/avr5\libgcc.a(_addsub_sf.o)
 .bss           0x00800178        0x0 c:/users/dell g3/desktop/amit/apps/sdk_win_64/sdk_win_64/winavr/bin/../lib/gcc/avr/4.3.3/avr5\libgcc.a(_mul_sf.o)
 .bss           0x00800178        0x0 c:/users/dell g3/desktop/amit/apps/sdk_win_64/sdk_win_64/winavr/bin/../lib/gcc/avr/4.3.3/avr5\libgcc.a(_div_sf.o)
 .bss           0x00800178        0x0 c:/users/dell g3/desktop/amit/apps/sdk_win_64/sdk_win_64/winavr/bin/../lib/gcc/avr/4.3.3/avr5\libgcc.a(_eq_sf.o)
 .bss           0x00800178        0x0 c:/users/dell g3/desktop/amit/apps/sdk_win_64/sdk_win_64/winavr/bin/../lib/gcc/avr/4.3.3/avr5\libgcc.a(_ge_sf.o)
 .bss           0x00800178        0x0 c:/users/dell g3/desktop/amit/apps/sdk_win_64/sdk_win_64/winavr/bin/../lib/gcc/avr/4.3.3/avr5\libgcc.a(_si_to_sf.o)
 .bss           0x00800178        0x0 c:/users/dell g3/desktop/amit/apps/sdk_win_64/sdk_win_64/winavr/bin/../lib/gcc/avr/4.3.3/avr5\libgcc.a(_sf_to_si.o)
 .bss           0x00800178        0x0 c:/users/dell g3/desktop/amit/apps/sdk_win_64/sdk_win_64/winavr/bin/../lib/gcc/avr/4.3.3/avr5\libgcc.a(_thenan_sf.o)
 .bss           0x00800178        0x0 c:/users/dell g3/desktop/amit/apps/sdk_win_64/sdk_win_64/winavr/bin/../lib/gcc/avr/4.3.3/avr5\libgcc.a(_usi_to_sf.o)
 .bss           0x00800178        0x0 c:/users/dell g3/desktop/amit/apps/sdk_win_64/sdk_win_64/winavr/bin/../lib/gcc/avr/4.3.3/avr5\libgcc.a(_prologue.o)
 .bss           0x00800178        0x0 c:/users/dell g3/desktop/amit/apps/sdk_win_64/sdk_win_64/winavr/bin/../lib/gcc/avr/4.3.3/avr5\libgcc.a(_epilogue.o)
 .bss           0x00800178        0x0 c:/users/dell g3/desktop/amit/apps/sdk_win_64/sdk_win_64/winavr/bin/../lib/gcc/avr/4.3.3/avr5\libgcc.a(_clzsi2.o)
 .bss           0x00800178        0x0 c:/users/dell g3/desktop/amit/apps/sdk_win_64/sdk_win_64/winavr/bin/../lib/gcc/avr/4.3.3/avr5\libgcc.a(_pack_sf.o)
 .bss           0x00800178        0x0 c:/users/dell g3/desktop/amit/apps/sdk_win_64/sdk_win_64/winavr/bin/../lib/gcc/avr/4.3.3/avr5\libgcc.a(_unpack_sf.o)
 .bss           0x00800178        0x0 c:/users/dell g3/desktop/amit/apps/sdk_win_64/sdk_win_64/winavr/bin/../lib/gcc/avr/4.3.3/avr5\libgcc.a(_fpcmp_parts_sf.o)
 .bss           0x00800178        0x0 c:/users/dell g3/desktop/amit/apps/sdk_win_64/sdk_win_64/winavr/bin/../lib/gcc/avr/4.3.3/avr5\libgcc.a(_clz.o)
 *(.bss*)
 .bss.Timer_U32_NumOfOverFlows
                0x00800178        0x4 ./MCAL/Timer/Timer_Prog.o
                0x00800178                Timer_U32_NumOfOverFlows
 .bss.Timer_U8_RemTicks
                0x0080017c        0x1 ./MCAL/Timer/Timer_Prog.o
                0x0080017c                Timer_U8_RemTicks
 .bss.Timer_U32_NumOfCompareMatch
                0x0080017d        0x4 ./MCAL/Timer/Timer_Prog.o
                0x0080017d                Timer_U32_NumOfCompareMatch
 .bss.Local_U32_Counter.1433
                0x00800181        0x4 ./MCAL/Timer/Timer_Prog.o
 *(COMMON)
 COMMON         0x00800185        0x6 ./MCAL/Timer/Timer_Prog.o
                0x00800185                Timer2_CallBack
                0x00800187                Timer1_CallBack
                0x00800189                Timer0_CallBack
 COMMON         0x0080018b        0x2 ./MCAL/EXT_INT/EXT_INT_Prog.o
                0x0080018b                EXT_INT_CallBack
                0x0080018d                PROVIDE (__bss_end, .)
                0x0000287c                __data_load_start = LOADADDR (.data)
                0x00002994                __data_load_end = (__data_load_start + SIZEOF (.data))

.noinit         0x0080018d        0x0
                0x0080018d                PROVIDE (__noinit_start, .)
 *(.noinit*)
                0x0080018d                PROVIDE (__noinit_end, .)
                0x0080018d                _end = .
                0x0080018d                PROVIDE (__heap_start, .)

.eeprom         0x00810000        0x0
 *(.eeprom*)
                0x00810000                __eeprom_end = .

.fuse
 *(.fuse)
 *(.lfuse)
 *(.hfuse)
 *(.efuse)

.lock
 *(.lock*)

.signature
 *(.signature*)

.stab           0x00000000     0x5064
 *(.stab)
 .stab          0x00000000      0x1f8 ./MCAL/WDT/WDT_Prog.o
 .stab          0x000001f8      0x2b8 ./MCAL/UART/UART_Prog.o
                                0x330 (size before relaxing)
 .stab          0x000004b0      0x840 ./MCAL/Timer/Timer_Prog.o
                                0x8c4 (size before relaxing)
 .stab          0x00000cf0      0x204 ./MCAL/SPI/SPI_Prog.o
                                0x27c (size before relaxing)
 .stab          0x00000ef4      0x3c0 ./MCAL/I2C/I2C_Prog.o
                                0x438 (size before relaxing)
 .stab          0x000012b4      0x15c ./MCAL/GIE/GIE_Prog.o
                                0x1d4 (size before relaxing)
 .stab          0x00001410      0x294 ./MCAL/EXT_INT/EXT_INT_Prog.o
                                0x4c8 (size before relaxing)
 .stab          0x000016a4      0x528 ./MCAL/DIO/DIO_Prog.o
                                0x5a0 (size before relaxing)
 .stab          0x00001bcc      0x30c ./MCAL/ADC/ADC_Prog.o
                                0x384 (size before relaxing)
 .stab          0x00001ed8      0x36c ./HAL/Stepper/Stepper_Prog.o
                                0x570 (size before relaxing)
 .stab          0x00002244      0x234 ./HAL/Servo/Servo_Prog.o
                                0x468 (size before relaxing)
 .stab          0x00002478      0x4d4 ./HAL/SSD/SSD_Prog.o
                                0x6d8 (size before relaxing)
 .stab          0x0000294c      0x3f0 ./HAL/PB/PB_Prog.o
                                0x5f4 (size before relaxing)
 .stab          0x00002d3c      0x174 ./HAL/LM35/LM35_Prog.o
                                0x1ec (size before relaxing)
 .stab          0x00002eb0      0x24c ./HAL/LED/LED_Prog.o
                                0x2c4 (size before relaxing)
 .stab          0x000030fc      0x69c ./HAL/LCD/LCD_Prog.o
                                0x8ac (size before relaxing)
 .stab          0x00003798      0x414 ./HAL/KeyPad/KeyPad_Prog.o
                                0x624 (size before relaxing)
 .stab          0x00003bac      0x1a4 ./HAL/HC_05/HC_05_Prog.o
                                0x21c (size before relaxing)
 .stab          0x00003d50      0x1d4 ./HAL/Flex_Sensor/Flex_Sensor_Prog.o
                                0x258 (size before relaxing)
 .stab          0x00003f24      0x2ac ./HAL/DCMotor/DCMotor_Prog.o
                                0x4f8 (size before relaxing)
 .stab          0x000041d0      0x288 ./HAL/Buzzer/Buzzer_Prog.o
                                0x498 (size before relaxing)
 .stab          0x00004458      0x330 ./HAL/AT24C16A/AT24C16A_Prog.o
                                0x534 (size before relaxing)
 .stab          0x00004788      0x558 ./APP/Projects/Projects.o
                                0x78c (size before relaxing)
 .stab          0x00004ce0      0x384 ./APP/main.o
                                0x5d0 (size before relaxing)

.stabstr        0x00000000     0x20ba
 *(.stabstr)
 .stabstr       0x00000000     0x20ba ./MCAL/WDT/WDT_Prog.o

.stab.excl
 *(.stab.excl)

.stab.exclstr
 *(.stab.exclstr)

.stab.index
 *(.stab.index)

.stab.indexstr
 *(.stab.indexstr)

.comment
 *(.comment)

.debug
 *(.debug)

.line
 *(.line)

.debug_srcinfo
 *(.debug_srcinfo)

.debug_sfnames
 *(.debug_sfnames)

.debug_aranges  0x00000000      0x1a0
 *(.debug_aranges)
 .debug_aranges
                0x00000000       0x20 c:/users/dell g3/desktop/amit/apps/sdk_win_64/sdk_win_64/winavr/bin/../lib/gcc/avr/4.3.3/avr5\libgcc.a(_fixunssfsi.o)
 .debug_aranges
                0x00000020       0x20 c:/users/dell g3/desktop/amit/apps/sdk_win_64/sdk_win_64/winavr/bin/../lib/gcc/avr/4.3.3/avr5\libgcc.a(_addsub_sf.o)
 .debug_aranges
                0x00000040       0x20 c:/users/dell g3/desktop/amit/apps/sdk_win_64/sdk_win_64/winavr/bin/../lib/gcc/avr/4.3.3/avr5\libgcc.a(_mul_sf.o)
 .debug_aranges
                0x00000060       0x20 c:/users/dell g3/desktop/amit/apps/sdk_win_64/sdk_win_64/winavr/bin/../lib/gcc/avr/4.3.3/avr5\libgcc.a(_div_sf.o)
 .debug_aranges
                0x00000080       0x20 c:/users/dell g3/desktop/amit/apps/sdk_win_64/sdk_win_64/winavr/bin/../lib/gcc/avr/4.3.3/avr5\libgcc.a(_eq_sf.o)
 .debug_aranges
                0x000000a0       0x20 c:/users/dell g3/desktop/amit/apps/sdk_win_64/sdk_win_64/winavr/bin/../lib/gcc/avr/4.3.3/avr5\libgcc.a(_ge_sf.o)
 .debug_aranges
                0x000000c0       0x20 c:/users/dell g3/desktop/amit/apps/sdk_win_64/sdk_win_64/winavr/bin/../lib/gcc/avr/4.3.3/avr5\libgcc.a(_si_to_sf.o)
 .debug_aranges
                0x000000e0       0x20 c:/users/dell g3/desktop/amit/apps/sdk_win_64/sdk_win_64/winavr/bin/../lib/gcc/avr/4.3.3/avr5\libgcc.a(_sf_to_si.o)
 .debug_aranges
                0x00000100       0x20 c:/users/dell g3/desktop/amit/apps/sdk_win_64/sdk_win_64/winavr/bin/../lib/gcc/avr/4.3.3/avr5\libgcc.a(_usi_to_sf.o)
 .debug_aranges
                0x00000120       0x20 c:/users/dell g3/desktop/amit/apps/sdk_win_64/sdk_win_64/winavr/bin/../lib/gcc/avr/4.3.3/avr5\libgcc.a(_clzsi2.o)
 .debug_aranges
                0x00000140       0x20 c:/users/dell g3/desktop/amit/apps/sdk_win_64/sdk_win_64/winavr/bin/../lib/gcc/avr/4.3.3/avr5\libgcc.a(_pack_sf.o)
 .debug_aranges
                0x00000160       0x20 c:/users/dell g3/desktop/amit/apps/sdk_win_64/sdk_win_64/winavr/bin/../lib/gcc/avr/4.3.3/avr5\libgcc.a(_unpack_sf.o)
 .debug_aranges
                0x00000180       0x20 c:/users/dell g3/desktop/amit/apps/sdk_win_64/sdk_win_64/winavr/bin/../lib/gcc/avr/4.3.3/avr5\libgcc.a(_fpcmp_parts_sf.o)

.debug_pubnames
                0x00000000      0x1f6
 *(.debug_pubnames)
 .debug_pubnames
                0x00000000       0x23 c:/users/dell g3/desktop/amit/apps/sdk_win_64/sdk_win_64/winavr/bin/../lib/gcc/avr/4.3.3/avr5\libgcc.a(_fixunssfsi.o)
 .debug_pubnames
                0x00000023       0x2c c:/users/dell g3/desktop/amit/apps/sdk_win_64/sdk_win_64/winavr/bin/../lib/gcc/avr/4.3.3/avr5\libgcc.a(_addsub_sf.o)
 .debug_pubnames
                0x0000004f       0x1f c:/users/dell g3/desktop/amit/apps/sdk_win_64/sdk_win_64/winavr/bin/../lib/gcc/avr/4.3.3/avr5\libgcc.a(_mul_sf.o)
 .debug_pubnames
                0x0000006e       0x1f c:/users/dell g3/desktop/amit/apps/sdk_win_64/sdk_win_64/winavr/bin/../lib/gcc/avr/4.3.3/avr5\libgcc.a(_div_sf.o)
 .debug_pubnames
                0x0000008d       0x1e c:/users/dell g3/desktop/amit/apps/sdk_win_64/sdk_win_64/winavr/bin/../lib/gcc/avr/4.3.3/avr5\libgcc.a(_eq_sf.o)
 .debug_pubnames
                0x000000ab       0x1e c:/users/dell g3/desktop/amit/apps/sdk_win_64/sdk_win_64/winavr/bin/../lib/gcc/avr/4.3.3/avr5\libgcc.a(_ge_sf.o)
 .debug_pubnames
                0x000000c9       0x22 c:/users/dell g3/desktop/amit/apps/sdk_win_64/sdk_win_64/winavr/bin/../lib/gcc/avr/4.3.3/avr5\libgcc.a(_si_to_sf.o)
 .debug_pubnames
                0x000000eb       0x20 c:/users/dell g3/desktop/amit/apps/sdk_win_64/sdk_win_64/winavr/bin/../lib/gcc/avr/4.3.3/avr5\libgcc.a(_sf_to_si.o)
 .debug_pubnames
                0x0000010b       0x22 c:/users/dell g3/desktop/amit/apps/sdk_win_64/sdk_win_64/winavr/bin/../lib/gcc/avr/4.3.3/avr5\libgcc.a(_thenan_sf.o)
 .debug_pubnames
                0x0000012d       0x24 c:/users/dell g3/desktop/amit/apps/sdk_win_64/sdk_win_64/winavr/bin/../lib/gcc/avr/4.3.3/avr5\libgcc.a(_usi_to_sf.o)
 .debug_pubnames
                0x00000151       0x1f c:/users/dell g3/desktop/amit/apps/sdk_win_64/sdk_win_64/winavr/bin/../lib/gcc/avr/4.3.3/avr5\libgcc.a(_clzsi2.o)
 .debug_pubnames
                0x00000170       0x1f c:/users/dell g3/desktop/amit/apps/sdk_win_64/sdk_win_64/winavr/bin/../lib/gcc/avr/4.3.3/avr5\libgcc.a(_pack_sf.o)
 .debug_pubnames
                0x0000018f       0x21 c:/users/dell g3/desktop/amit/apps/sdk_win_64/sdk_win_64/winavr/bin/../lib/gcc/avr/4.3.3/avr5\libgcc.a(_unpack_sf.o)
 .debug_pubnames
                0x000001b0       0x26 c:/users/dell g3/desktop/amit/apps/sdk_win_64/sdk_win_64/winavr/bin/../lib/gcc/avr/4.3.3/avr5\libgcc.a(_fpcmp_parts_sf.o)
 .debug_pubnames
                0x000001d6       0x20 c:/users/dell g3/desktop/amit/apps/sdk_win_64/sdk_win_64/winavr/bin/../lib/gcc/avr/4.3.3/avr5\libgcc.a(_clz.o)

.debug_info     0x00000000     0x2393
 *(.debug_info)
 .debug_info    0x00000000       0xb1 c:/users/dell g3/desktop/amit/apps/sdk_win_64/sdk_win_64/winavr/bin/../lib/gcc/avr/4.3.3/avr5\libgcc.a(_fixunssfsi.o)
 .debug_info    0x000000b1      0x47a c:/users/dell g3/desktop/amit/apps/sdk_win_64/sdk_win_64/winavr/bin/../lib/gcc/avr/4.3.3/avr5\libgcc.a(_addsub_sf.o)
 .debug_info    0x0000052b      0x485 c:/users/dell g3/desktop/amit/apps/sdk_win_64/sdk_win_64/winavr/bin/../lib/gcc/avr/4.3.3/avr5\libgcc.a(_mul_sf.o)
 .debug_info    0x000009b0      0x3fc c:/users/dell g3/desktop/amit/apps/sdk_win_64/sdk_win_64/winavr/bin/../lib/gcc/avr/4.3.3/avr5\libgcc.a(_div_sf.o)
 .debug_info    0x00000dac      0x27f c:/users/dell g3/desktop/amit/apps/sdk_win_64/sdk_win_64/winavr/bin/../lib/gcc/avr/4.3.3/avr5\libgcc.a(_eq_sf.o)
 .debug_info    0x0000102b      0x27f c:/users/dell g3/desktop/amit/apps/sdk_win_64/sdk_win_64/winavr/bin/../lib/gcc/avr/4.3.3/avr5\libgcc.a(_ge_sf.o)
 .debug_info    0x000012aa      0x207 c:/users/dell g3/desktop/amit/apps/sdk_win_64/sdk_win_64/winavr/bin/../lib/gcc/avr/4.3.3/avr5\libgcc.a(_si_to_sf.o)
 .debug_info    0x000014b1      0x2b0 c:/users/dell g3/desktop/amit/apps/sdk_win_64/sdk_win_64/winavr/bin/../lib/gcc/avr/4.3.3/avr5\libgcc.a(_sf_to_si.o)
 .debug_info    0x00001761      0x12c c:/users/dell g3/desktop/amit/apps/sdk_win_64/sdk_win_64/winavr/bin/../lib/gcc/avr/4.3.3/avr5\libgcc.a(_thenan_sf.o)
 .debug_info    0x0000188d      0x206 c:/users/dell g3/desktop/amit/apps/sdk_win_64/sdk_win_64/winavr/bin/../lib/gcc/avr/4.3.3/avr5\libgcc.a(_usi_to_sf.o)
 .debug_info    0x00001a93      0x117 c:/users/dell g3/desktop/amit/apps/sdk_win_64/sdk_win_64/winavr/bin/../lib/gcc/avr/4.3.3/avr5\libgcc.a(_clzsi2.o)
 .debug_info    0x00001baa      0x2df c:/users/dell g3/desktop/amit/apps/sdk_win_64/sdk_win_64/winavr/bin/../lib/gcc/avr/4.3.3/avr5\libgcc.a(_pack_sf.o)
 .debug_info    0x00001e89      0x251 c:/users/dell g3/desktop/amit/apps/sdk_win_64/sdk_win_64/winavr/bin/../lib/gcc/avr/4.3.3/avr5\libgcc.a(_unpack_sf.o)
 .debug_info    0x000020da      0x210 c:/users/dell g3/desktop/amit/apps/sdk_win_64/sdk_win_64/winavr/bin/../lib/gcc/avr/4.3.3/avr5\libgcc.a(_fpcmp_parts_sf.o)
 .debug_info    0x000022ea       0xa9 c:/users/dell g3/desktop/amit/apps/sdk_win_64/sdk_win_64/winavr/bin/../lib/gcc/avr/4.3.3/avr5\libgcc.a(_clz.o)
 *(.gnu.linkonce.wi.*)

.debug_abbrev   0x00000000     0x1374
 *(.debug_abbrev)
 .debug_abbrev  0x00000000       0x5d c:/users/dell g3/desktop/amit/apps/sdk_win_64/sdk_win_64/winavr/bin/../lib/gcc/avr/4.3.3/avr5\libgcc.a(_fixunssfsi.o)
 .debug_abbrev  0x0000005d      0x1ea c:/users/dell g3/desktop/amit/apps/sdk_win_64/sdk_win_64/winavr/bin/../lib/gcc/avr/4.3.3/avr5\libgcc.a(_addsub_sf.o)
 .debug_abbrev  0x00000247      0x21b c:/users/dell g3/desktop/amit/apps/sdk_win_64/sdk_win_64/winavr/bin/../lib/gcc/avr/4.3.3/avr5\libgcc.a(_mul_sf.o)
 .debug_abbrev  0x00000462      0x216 c:/users/dell g3/desktop/amit/apps/sdk_win_64/sdk_win_64/winavr/bin/../lib/gcc/avr/4.3.3/avr5\libgcc.a(_div_sf.o)
 .debug_abbrev  0x00000678      0x15a c:/users/dell g3/desktop/amit/apps/sdk_win_64/sdk_win_64/winavr/bin/../lib/gcc/avr/4.3.3/avr5\libgcc.a(_eq_sf.o)
 .debug_abbrev  0x000007d2      0x15a c:/users/dell g3/desktop/amit/apps/sdk_win_64/sdk_win_64/winavr/bin/../lib/gcc/avr/4.3.3/avr5\libgcc.a(_ge_sf.o)
 .debug_abbrev  0x0000092c      0x148 c:/users/dell g3/desktop/amit/apps/sdk_win_64/sdk_win_64/winavr/bin/../lib/gcc/avr/4.3.3/avr5\libgcc.a(_si_to_sf.o)
 .debug_abbrev  0x00000a74      0x17f c:/users/dell g3/desktop/amit/apps/sdk_win_64/sdk_win_64/winavr/bin/../lib/gcc/avr/4.3.3/avr5\libgcc.a(_sf_to_si.o)
 .debug_abbrev  0x00000bf3       0xad c:/users/dell g3/desktop/amit/apps/sdk_win_64/sdk_win_64/winavr/bin/../lib/gcc/avr/4.3.3/avr5\libgcc.a(_thenan_sf.o)
 .debug_abbrev  0x00000ca0      0x157 c:/users/dell g3/desktop/amit/apps/sdk_win_64/sdk_win_64/winavr/bin/../lib/gcc/avr/4.3.3/avr5\libgcc.a(_usi_to_sf.o)
 .debug_abbrev  0x00000df7       0xc4 c:/users/dell g3/desktop/amit/apps/sdk_win_64/sdk_win_64/winavr/bin/../lib/gcc/avr/4.3.3/avr5\libgcc.a(_clzsi2.o)
 .debug_abbrev  0x00000ebb      0x1c0 c:/users/dell g3/desktop/amit/apps/sdk_win_64/sdk_win_64/winavr/bin/../lib/gcc/avr/4.3.3/avr5\libgcc.a(_pack_sf.o)
 .debug_abbrev  0x0000107b      0x154 c:/users/dell g3/desktop/amit/apps/sdk_win_64/sdk_win_64/winavr/bin/../lib/gcc/avr/4.3.3/avr5\libgcc.a(_unpack_sf.o)
 .debug_abbrev  0x000011cf      0x13b c:/users/dell g3/desktop/amit/apps/sdk_win_64/sdk_win_64/winavr/bin/../lib/gcc/avr/4.3.3/avr5\libgcc.a(_fpcmp_parts_sf.o)
 .debug_abbrev  0x0000130a       0x6a c:/users/dell g3/desktop/amit/apps/sdk_win_64/sdk_win_64/winavr/bin/../lib/gcc/avr/4.3.3/avr5\libgcc.a(_clz.o)

.debug_line     0x00000000     0x1238
 *(.debug_line)
 .debug_line    0x00000000       0xa7 c:/users/dell g3/desktop/amit/apps/sdk_win_64/sdk_win_64/winavr/bin/../lib/gcc/avr/4.3.3/avr5\libgcc.a(_fixunssfsi.o)
 .debug_line    0x000000a7      0x2af c:/users/dell g3/desktop/amit/apps/sdk_win_64/sdk_win_64/winavr/bin/../lib/gcc/avr/4.3.3/avr5\libgcc.a(_addsub_sf.o)
 .debug_line    0x00000356      0x239 c:/users/dell g3/desktop/amit/apps/sdk_win_64/sdk_win_64/winavr/bin/../lib/gcc/avr/4.3.3/avr5\libgcc.a(_mul_sf.o)
 .debug_line    0x0000058f      0x1d5 c:/users/dell g3/desktop/amit/apps/sdk_win_64/sdk_win_64/winavr/bin/../lib/gcc/avr/4.3.3/avr5\libgcc.a(_div_sf.o)
 .debug_line    0x00000764       0xd3 c:/users/dell g3/desktop/amit/apps/sdk_win_64/sdk_win_64/winavr/bin/../lib/gcc/avr/4.3.3/avr5\libgcc.a(_eq_sf.o)
 .debug_line    0x00000837       0xd3 c:/users/dell g3/desktop/amit/apps/sdk_win_64/sdk_win_64/winavr/bin/../lib/gcc/avr/4.3.3/avr5\libgcc.a(_ge_sf.o)
 .debug_line    0x0000090a      0x135 c:/users/dell g3/desktop/amit/apps/sdk_win_64/sdk_win_64/winavr/bin/../lib/gcc/avr/4.3.3/avr5\libgcc.a(_si_to_sf.o)
 .debug_line    0x00000a3f      0x109 c:/users/dell g3/desktop/amit/apps/sdk_win_64/sdk_win_64/winavr/bin/../lib/gcc/avr/4.3.3/avr5\libgcc.a(_sf_to_si.o)
 .debug_line    0x00000b48       0x90 c:/users/dell g3/desktop/amit/apps/sdk_win_64/sdk_win_64/winavr/bin/../lib/gcc/avr/4.3.3/avr5\libgcc.a(_thenan_sf.o)
 .debug_line    0x00000bd8      0x133 c:/users/dell g3/desktop/amit/apps/sdk_win_64/sdk_win_64/winavr/bin/../lib/gcc/avr/4.3.3/avr5\libgcc.a(_usi_to_sf.o)
 .debug_line    0x00000d0b       0xa5 c:/users/dell g3/desktop/amit/apps/sdk_win_64/sdk_win_64/winavr/bin/../lib/gcc/avr/4.3.3/avr5\libgcc.a(_clzsi2.o)
 .debug_line    0x00000db0      0x18a c:/users/dell g3/desktop/amit/apps/sdk_win_64/sdk_win_64/winavr/bin/../lib/gcc/avr/4.3.3/avr5\libgcc.a(_pack_sf.o)
 .debug_line    0x00000f3a      0x14b c:/users/dell g3/desktop/amit/apps/sdk_win_64/sdk_win_64/winavr/bin/../lib/gcc/avr/4.3.3/avr5\libgcc.a(_unpack_sf.o)
 .debug_line    0x00001085      0x137 c:/users/dell g3/desktop/amit/apps/sdk_win_64/sdk_win_64/winavr/bin/../lib/gcc/avr/4.3.3/avr5\libgcc.a(_fpcmp_parts_sf.o)
 .debug_line    0x000011bc       0x7c c:/users/dell g3/desktop/amit/apps/sdk_win_64/sdk_win_64/winavr/bin/../lib/gcc/avr/4.3.3/avr5\libgcc.a(_clz.o)

.debug_frame    0x00000000      0x1c0
 *(.debug_frame)
 .debug_frame   0x00000000       0x20 c:/users/dell g3/desktop/amit/apps/sdk_win_64/sdk_win_64/winavr/bin/../lib/gcc/avr/4.3.3/avr5\libgcc.a(_fixunssfsi.o)
 .debug_frame   0x00000020       0x40 c:/users/dell g3/desktop/amit/apps/sdk_win_64/sdk_win_64/winavr/bin/../lib/gcc/avr/4.3.3/avr5\libgcc.a(_addsub_sf.o)
 .debug_frame   0x00000060       0x20 c:/users/dell g3/desktop/amit/apps/sdk_win_64/sdk_win_64/winavr/bin/../lib/gcc/avr/4.3.3/avr5\libgcc.a(_mul_sf.o)
 .debug_frame   0x00000080       0x20 c:/users/dell g3/desktop/amit/apps/sdk_win_64/sdk_win_64/winavr/bin/../lib/gcc/avr/4.3.3/avr5\libgcc.a(_div_sf.o)
 .debug_frame   0x000000a0       0x20 c:/users/dell g3/desktop/amit/apps/sdk_win_64/sdk_win_64/winavr/bin/../lib/gcc/avr/4.3.3/avr5\libgcc.a(_eq_sf.o)
 .debug_frame   0x000000c0       0x20 c:/users/dell g3/desktop/amit/apps/sdk_win_64/sdk_win_64/winavr/bin/../lib/gcc/avr/4.3.3/avr5\libgcc.a(_ge_sf.o)
 .debug_frame   0x000000e0       0x20 c:/users/dell g3/desktop/amit/apps/sdk_win_64/sdk_win_64/winavr/bin/../lib/gcc/avr/4.3.3/avr5\libgcc.a(_si_to_sf.o)
 .debug_frame   0x00000100       0x20 c:/users/dell g3/desktop/amit/apps/sdk_win_64/sdk_win_64/winavr/bin/../lib/gcc/avr/4.3.3/avr5\libgcc.a(_sf_to_si.o)
 .debug_frame   0x00000120       0x20 c:/users/dell g3/desktop/amit/apps/sdk_win_64/sdk_win_64/winavr/bin/../lib/gcc/avr/4.3.3/avr5\libgcc.a(_usi_to_sf.o)
 .debug_frame   0x00000140       0x20 c:/users/dell g3/desktop/amit/apps/sdk_win_64/sdk_win_64/winavr/bin/../lib/gcc/avr/4.3.3/avr5\libgcc.a(_clzsi2.o)
 .debug_frame   0x00000160       0x20 c:/users/dell g3/desktop/amit/apps/sdk_win_64/sdk_win_64/winavr/bin/../lib/gcc/avr/4.3.3/avr5\libgcc.a(_pack_sf.o)
 .debug_frame   0x00000180       0x20 c:/users/dell g3/desktop/amit/apps/sdk_win_64/sdk_win_64/winavr/bin/../lib/gcc/avr/4.3.3/avr5\libgcc.a(_unpack_sf.o)
 .debug_frame   0x000001a0       0x20 c:/users/dell g3/desktop/amit/apps/sdk_win_64/sdk_win_64/winavr/bin/../lib/gcc/avr/4.3.3/avr5\libgcc.a(_fpcmp_parts_sf.o)

.debug_str      0x00000000      0x2ff
 *(.debug_str)
 .debug_str     0x00000000       0xbf c:/users/dell g3/desktop/amit/apps/sdk_win_64/sdk_win_64/winavr/bin/../lib/gcc/avr/4.3.3/avr5\libgcc.a(_fixunssfsi.o)
                                 0xfe (size before relaxing)
 .debug_str     0x000000bf      0x14d c:/users/dell g3/desktop/amit/apps/sdk_win_64/sdk_win_64/winavr/bin/../lib/gcc/avr/4.3.3/avr5\libgcc.a(_addsub_sf.o)
                                0x206 (size before relaxing)
 .debug_str     0x0000020c       0x27 c:/users/dell g3/desktop/amit/apps/sdk_win_64/sdk_win_64/winavr/bin/../lib/gcc/avr/4.3.3/avr5\libgcc.a(_mul_sf.o)
                                0x1bf (size before relaxing)
 .debug_str     0x00000233       0x35 c:/users/dell g3/desktop/amit/apps/sdk_win_64/sdk_win_64/winavr/bin/../lib/gcc/avr/4.3.3/avr5\libgcc.a(_div_sf.o)
                                0x1c8 (size before relaxing)
 .debug_str     0x00000268        0x8 c:/users/dell g3/desktop/amit/apps/sdk_win_64/sdk_win_64/winavr/bin/../lib/gcc/avr/4.3.3/avr5\libgcc.a(_eq_sf.o)
                                0x195 (size before relaxing)
 .debug_str     0x00000270        0x8 c:/users/dell g3/desktop/amit/apps/sdk_win_64/sdk_win_64/winavr/bin/../lib/gcc/avr/4.3.3/avr5\libgcc.a(_ge_sf.o)
                                0x195 (size before relaxing)
 .debug_str     0x00000278       0x1e c:/users/dell g3/desktop/amit/apps/sdk_win_64/sdk_win_64/winavr/bin/../lib/gcc/avr/4.3.3/avr5\libgcc.a(_si_to_sf.o)
                                0x17b (size before relaxing)
 .debug_str     0x00000296        0xa c:/users/dell g3/desktop/amit/apps/sdk_win_64/sdk_win_64/winavr/bin/../lib/gcc/avr/4.3.3/avr5\libgcc.a(_sf_to_si.o)
                                0x19e (size before relaxing)
 .debug_str     0x00000000      0x103 c:/users/dell g3/desktop/amit/apps/sdk_win_64/sdk_win_64/winavr/bin/../lib/gcc/avr/4.3.3/avr5\libgcc.a(_thenan_sf.o)
 .debug_str     0x000002a0       0x14 c:/users/dell g3/desktop/amit/apps/sdk_win_64/sdk_win_64/winavr/bin/../lib/gcc/avr/4.3.3/avr5\libgcc.a(_usi_to_sf.o)
                                0x177 (size before relaxing)
 .debug_str     0x000002b4       0x20 c:/users/dell g3/desktop/amit/apps/sdk_win_64/sdk_win_64/winavr/bin/../lib/gcc/avr/4.3.3/avr5\libgcc.a(_clzsi2.o)
                                0x111 (size before relaxing)
 .debug_str     0x000002d4       0x10 c:/users/dell g3/desktop/amit/apps/sdk_win_64/sdk_win_64/winavr/bin/../lib/gcc/avr/4.3.3/avr5\libgcc.a(_pack_sf.o)
                                0x19d (size before relaxing)
 .debug_str     0x000002e4        0xb c:/users/dell g3/desktop/amit/apps/sdk_win_64/sdk_win_64/winavr/bin/../lib/gcc/avr/4.3.3/avr5\libgcc.a(_unpack_sf.o)
                                0x17f (size before relaxing)
 .debug_str     0x000002ef       0x10 c:/users/dell g3/desktop/amit/apps/sdk_win_64/sdk_win_64/winavr/bin/../lib/gcc/avr/4.3.3/avr5\libgcc.a(_fpcmp_parts_sf.o)
                                0x163 (size before relaxing)
 .debug_str     0x00000000       0xf4 c:/users/dell g3/desktop/amit/apps/sdk_win_64/sdk_win_64/winavr/bin/../lib/gcc/avr/4.3.3/avr5\libgcc.a(_clz.o)

.debug_loc      0x00000000      0x9de
 *(.debug_loc)
 .debug_loc     0x00000000       0x34 c:/users/dell g3/desktop/amit/apps/sdk_win_64/sdk_win_64/winavr/bin/../lib/gcc/avr/4.3.3/avr5\libgcc.a(_fixunssfsi.o)
 .debug_loc     0x00000034      0x32a c:/users/dell g3/desktop/amit/apps/sdk_win_64/sdk_win_64/winavr/bin/../lib/gcc/avr/4.3.3/avr5\libgcc.a(_addsub_sf.o)
 .debug_loc     0x0000035e      0x104 c:/users/dell g3/desktop/amit/apps/sdk_win_64/sdk_win_64/winavr/bin/../lib/gcc/avr/4.3.3/avr5\libgcc.a(_mul_sf.o)
 .debug_loc     0x00000462       0xc0 c:/users/dell g3/desktop/amit/apps/sdk_win_64/sdk_win_64/winavr/bin/../lib/gcc/avr/4.3.3/avr5\libgcc.a(_div_sf.o)
 .debug_loc     0x00000522       0x3c c:/users/dell g3/desktop/amit/apps/sdk_win_64/sdk_win_64/winavr/bin/../lib/gcc/avr/4.3.3/avr5\libgcc.a(_eq_sf.o)
 .debug_loc     0x0000055e       0x3c c:/users/dell g3/desktop/amit/apps/sdk_win_64/sdk_win_64/winavr/bin/../lib/gcc/avr/4.3.3/avr5\libgcc.a(_ge_sf.o)
 .debug_loc     0x0000059a       0xac c:/users/dell g3/desktop/amit/apps/sdk_win_64/sdk_win_64/winavr/bin/../lib/gcc/avr/4.3.3/avr5\libgcc.a(_si_to_sf.o)
 .debug_loc     0x00000646       0x7e c:/users/dell g3/desktop/amit/apps/sdk_win_64/sdk_win_64/winavr/bin/../lib/gcc/avr/4.3.3/avr5\libgcc.a(_sf_to_si.o)
 .debug_loc     0x000006c4       0x4c c:/users/dell g3/desktop/amit/apps/sdk_win_64/sdk_win_64/winavr/bin/../lib/gcc/avr/4.3.3/avr5\libgcc.a(_usi_to_sf.o)
 .debug_loc     0x00000710       0x94 c:/users/dell g3/desktop/amit/apps/sdk_win_64/sdk_win_64/winavr/bin/../lib/gcc/avr/4.3.3/avr5\libgcc.a(_clzsi2.o)
 .debug_loc     0x000007a4      0x13e c:/users/dell g3/desktop/amit/apps/sdk_win_64/sdk_win_64/winavr/bin/../lib/gcc/avr/4.3.3/avr5\libgcc.a(_pack_sf.o)
 .debug_loc     0x000008e2       0xac c:/users/dell g3/desktop/amit/apps/sdk_win_64/sdk_win_64/winavr/bin/../lib/gcc/avr/4.3.3/avr5\libgcc.a(_unpack_sf.o)
 .debug_loc     0x0000098e       0x50 c:/users/dell g3/desktop/amit/apps/sdk_win_64/sdk_win_64/winavr/bin/../lib/gcc/avr/4.3.3/avr5\libgcc.a(_fpcmp_parts_sf.o)

.debug_macinfo
 *(.debug_macinfo)
OUTPUT(509_GROUP.elf elf32-avr)
LOAD linker stubs

.debug_ranges   0x00000000       0x50
 .debug_ranges  0x00000000       0x50 c:/users/dell g3/desktop/amit/apps/sdk_win_64/sdk_win_64/winavr/bin/../lib/gcc/avr/4.3.3/avr5\libgcc.a(_mul_sf.o)
